// Jest Snapshot v1, https://goo.gl/fbAQLP

exports[`Probando CounterApp  CounterApp debe hacer match con el snapshot 1`] = `
<div>
  <h1>
    CounterApp
  </h1>
  <h2>
    1
  </h2>
  <div
    class="btn-container"
  >
    <button>
      +1
    </button>
    <button
      aria-label="btn-reset"
    >
      Reset
    </button>
    <button>
      -1
    </button>
  </div>
</div>
`;
