// Jest Snapshot v1, https://goo.gl/fbAQLP

exports[`Pruebas en FirstApp2 Debe hacer match con el snapshot 1`] = `
<div>
  <h1
    data-testid="test-title"
  >
    Hola, soy Goku.
  </h1>
  <h3>
    No hay subtitulo
  </h3>
  <h4>
    100
  </h4>
</div>
`;
